// Jest Snapshot v1, https://goo.gl/fbAQLP

exports[`matches snapshot 1`] = `
<div
  data-testid="todo-2"
>
  <strike>
    <h1>
      Do homework
    </h1>
  </strike>
</div>
`;
